// Jest Snapshot v1, https://goo.gl/fbAQLP

exports[`Группа тестов. Создаем тест для app 1`] = `""`;
